<?xml version="1.0" encoding="utf-8"?><testsuites><testsuite name="pytest" errors="0" failures="0" skipped="0" tests="4" time="82.811" timestamp="2025-06-01T20:47:35.544754-05:00" hostname="EricssonLV"><testcase classname="tests.api.test_api.TestBatchPipeline" name="test_should_failed_unkown_column_1" time="0.814" /><testcase classname="tests.api.test_api.TestBatchPipeline" name="test_should_failed_unkown_column_2" time="0.010" /><testcase classname="tests.api.test_api.TestBatchPipeline" name="test_should_failed_unkown_column_3" time="0.010" /><testcase classname="tests.api.test_api.TestBatchPipeline" name="test_should_get_predict" time="0.037" /></testsuite></testsuites>